C51 COMPILER V9.60.0.0   F31X_BLINKY                                                       03/17/2020 17:01:28 PAGE 1   


C51 COMPILER V9.60.0.0, COMPILATION OF MODULE F31X_BLINKY
OBJECT MODULE PLACED IN .\F31x_Blinky.OBJ
COMPILER INVOKED BY: d:\SiliconLabs\SimplicityStudio\v4\developer\toolchains\keil_8051\9.60\BIN\C51.exe F:\simplicity_st
                    -udo_workspace\F31x_Blinky\F31x_Blinky.c OMF2 SMALL DEBUG OBJECTEXTEND ROM(LARGE) WARNINGLEVEL(2) FLOATFUZZY(3) OPTIMIZE(
                    -8,SPEED) INTVECTOR(0X0000) INTPROMOTE INCDIR(D:/SiliconLabs/SimplicityStudio/v4/developer/sdks/8051/v4.1.7//Device/share
                    -d/si8051Base;D:/SiliconLabs/SimplicityStudio/v4/developer/sdks/8051/v4.1.7//Device/C8051F310/inc) PRINT(.\F31x_Blinky.ls
                    -t) COND PAGEWIDTH(120) PAGELENGTH(65) OBJECT(.\F31x_Blinky.OBJ)

line level    source

   1          
   2          //-----------------------------------------------------------------------------
   3          // Includes
   4          //-----------------------------------------------------------------------------
   5          #include <SI_C8051F310_Register_Enums.h>
   6          #include "./src/timer.h"
   7          #include "./src/uart.h"
   8          #include "./src/spi.h"
   9          #include "./src/adc.h"
  10          #include "./src/sys.h"
  11          #include "sta.h"
  12          #include "cmd.h"
  13          
  14          extern unsigned char sta_msg_send_complete;
  15          extern unsigned char sta_cmd_send_complete;
  16          
  17          //-----------------------------------------------------------------------------
  18          // SiLabs_Startup() Routine
  19          // ----------------------------------------------------------------------------
  20          // This function is called immediately after reset, before the initialization
  21          // code is run in SILABS_STARTUP.A51 (which runs before main() ). This is a
  22          // useful place to disable the watchdog timer, which is enable by default
  23          // and may trigger before main() in some instances.
  24          //-----------------------------------------------------------------------------
  25          void SiLabs_Startup (void)
  26          {
  27   1         PCA0MD &= ~0x40;                       // WDTE = 0 (clear watchdog timer
  28   1      }
  29          
  30          //-----------------------------------------------------------------------------
  31          // MAIN Routine
  32          //-----------------------------------------------------------------------------
  33          void main (void)
  34          {
  35   1              unsigned int adc_var;
  36   1              unsigned char adc_target = 0;
  37   1      
  38   1              Init_Device();
  39   1      
  40   1              while(1)
  41   1              {
  42   2                      if(ADC_Get(&adc_var) == 1)
  43   2                      {
  44   3                              if(adc_target == 0)
  45   3                                      Teamperature_Convert(adc_var);
  46   3                              else Bite_Convert(adc_var);
  47   3                      }
  48   2      
  49   2                      if(sta_msg_send_complete == 1)
  50   2                      {
  51   3                              State_Msg();
  52   3                              UART_Send();
C51 COMPILER V9.60.0.0   F31X_BLINKY                                                       03/17/2020 17:01:28 PAGE 2   

  53   3                      }
  54   2      
  55   2                      if((Frame2CmdConvert() == 1) && (sta_cmd_send_complete == 1))
  56   2                              SPI_Send();
  57   2      
  58   2                      ADC_Start(adc_target);
  59   2              }
  60   1      }


MODULE INFORMATION:   STATIC OVERLAYABLE
   CODE SIZE        =     82    ----
   CONSTANT SIZE    =   ----    ----
   XDATA SIZE       =   ----    ----
   PDATA SIZE       =   ----    ----
   DATA SIZE        =   ----       3
   IDATA SIZE       =   ----    ----
   BIT SIZE         =   ----    ----
   EDATA SIZE       =   ----    ----
   HDATA SIZE       =   ----    ----
   XDATA CONST SIZE =   ----    ----
   FAR CONST SIZE   =   ----    ----
END OF MODULE INFORMATION.


C51 COMPILATION COMPLETE.  0 WARNING(S),  0 ERROR(S)
