C51 COMPILER V9.60.0.0   STA                                                               12/04/2020 19:11:16 PAGE 1   


C51 COMPILER V9.60.0.0, COMPILATION OF MODULE STA
OBJECT MODULE PLACED IN .\sta.OBJ
COMPILER INVOKED BY: d:\SiliconLabs\SimplicityStudio\v5\developer\toolchains\keil_8051\9.60\BIN\C51.exe F:\simplicity_st
                    -udo_workspace_v5\F31x_Blinky\sta.c OMF2 COMPACT DEBUG OBJECTEXTEND ROM(LARGE) WARNINGLEVEL(2) FLOATFUZZY(3) OPTIMIZE(8,S
                    -PEED) INTVECTOR(0X0000) INTPROMOTE INCDIR(D:/SiliconLabs/SimplicityStudio/v5/developer/sdks/8051/v4.1.7//Device/shared/s
                    -i8051Base;D:/SiliconLabs/SimplicityStudio/v5/developer/sdks/8051/v4.1.7//Device/C8051F310/inc) PRINT(.\sta.lst) COND PAG
                    -EWIDTH(120) PAGELENGTH(65) OBJECT(.\sta.OBJ)

line level    source

   1          /*
   2           * sta.c
   3           *
   4           *  Created on: 2020年1月27日
   5           *      Author: wrangler
   6           */
   7          #include <SI_C8051F310_Register_Enums.h>
   8          #include "sta.h"
   9          #include "cmd.h"
  10          
  11          idata unsigned char sta_msg[STA_MSG_LEN];
  12          unsigned char sta_msg_len = 0;
  13          
  14          float temperature = 0.0;
  15          float bite = 0.0;
  16          
  17          extern unsigned char packet_buff[ASCII_FRAME_LEN];
  18          
  19          unsigned char Float_Format(float var,unsigned char* pBuf)
  20          {
  21   1              unsigned int byte;
  22   1              unsigned char index=0;
  23   1      
  24   1              //100/symbol
  25   1              if(var < 0)
  26   1              {
  27   2                      pBuf[index] = '-';
  28   2                      index++;
  29   2              }
  30   1              else
  31   1              {
  32   2                      byte = var / 100.0;
  33   2                      if(byte != 0)
  34   2                      {
  35   3                              pBuf[index] = byte + 0x30;
  36   3                              index++;
  37   3                      }
  38   2              }
  39   1      
  40   1              //10
  41   1              var -= (byte * 100);
  42   1              byte = var / 10.0;
  43   1              if(byte != 0)
  44   1              {
  45   2                      pBuf[index] = byte + 0x30;
  46   2                      index++;
  47   2              }
  48   1      
  49   1              //1
  50   1              var -= (byte * 10);
  51   1              byte = var;
  52   1              pBuf[index] = byte + 0x30;
C51 COMPILER V9.60.0.0   STA                                                               12/04/2020 19:11:16 PAGE 2   

  53   1              index++;
  54   1      
  55   1              //.
  56   1              pBuf[index] = '.';
  57   1              index++;
  58   1      
  59   1              //.1
  60   1              var -= byte;
  61   1              var *= 10;
  62   1              byte = var;
  63   1              pBuf[index] = byte + 0x30;
  64   1              index++;
  65   1      
  66   1              return index;
  67   1      }
  68          
  69          void Teamperature_Convert(unsigned int adc_var)
  70          {
  71   1              temperature = adc_var;
  72   1              temperature /= 1024.0;
  73   1              temperature *= 3300;
  74   1              temperature -= 897;
  75   1              temperature /= 3.35;
  76   1      
  77   1              if(temperature > 100.0)
  78   1                P1 &= ~0x04;
  79   1              else P1 |= 0x04;
  80   1      }
  81          
  82          //void Bite_Convert(unsigned int adc_var)
  83          //{
  84          //      bite = adc_var;
  85          //      bite *= 3.3;
  86          //      bite /= 4096.0;
  87          ////    bite *= 33.7985;
  88          ////    bite += 16.9617;
  89          //}
  90          
  91          void UpdateFrame()
  92          {
  93   1        unsigned char i;
  94   1        for(i=0;i<ASCII_FRAME_LEN;i++)
  95   1          sta_msg[i] = packet_buff[i];
  96   1      }
  97          
  98          void UpdateSta()
  99          {
 100   1        unsigned char len;
 101   1      
 102   1        sta_msg_len = ASCII_FRAME_LEN;
 103   1      
 104   1        sta_msg[sta_msg_len++] = '#';
 105   1        sta_msg[sta_msg_len++] = 'T';
 106   1        sta_msg[sta_msg_len++] = 'P';
 107   1        sta_msg[sta_msg_len++] = ':';
 108   1      
 109   1        len = Float_Format(temperature,sta_msg+sta_msg_len);
 110   1        sta_msg_len += len;
 111   1      
 112   1        sta_msg[sta_msg_len++] = ';';
 113   1      
 114   1        sta_msg[sta_msg_len++] = '#';
 115   1        sta_msg[sta_msg_len++] = 'B';
C51 COMPILER V9.60.0.0   STA                                                               12/04/2020 19:11:16 PAGE 3   

 116   1        sta_msg[sta_msg_len++] = 'T';
 117   1        sta_msg[sta_msg_len++] = ':';
 118   1      
 119   1        len = Float_Format(bite,sta_msg+sta_msg_len);
 120   1        sta_msg_len += len;
 121   1      
 122   1        sta_msg[sta_msg_len++] = ';';
 123   1        sta_msg[sta_msg_len++] = '*';
 124   1        sta_msg[sta_msg_len++] = 0x0d;
 125   1        sta_msg[sta_msg_len++] = 0x0a;
 126   1      }


MODULE INFORMATION:   STATIC OVERLAYABLE
   CODE SIZE        =    944    ----
   CONSTANT SIZE    =   ----    ----
   XDATA SIZE       =   ----    ----
   PDATA SIZE       =      9      10
   DATA SIZE        =   ----    ----
   IDATA SIZE       =    175    ----
   BIT SIZE         =   ----    ----
   EDATA SIZE       =   ----    ----
   HDATA SIZE       =   ----    ----
   XDATA CONST SIZE =   ----    ----
   FAR CONST SIZE   =   ----    ----
END OF MODULE INFORMATION.


C51 COMPILATION COMPLETE.  0 WARNING(S),  0 ERROR(S)
